<html>
<body>
<pre>
<h1>µVision Build Log</h1>
<h2>Tool Versions:</h2>
IDE-Version: µVision V5.30.0.0
Copyright (C) 2020 ARM Ltd and ARM Germany GmbH. All rights reserved.
License Information: Nguyen Tuan Minh, RMIT, LIC=----
 
Tool Versions:
Toolchain:       MDK-Lite  Version: 5.30.0.0
Toolchain Path:  C:\Keil_v5\ARM\ARMCLANG\Bin
C Compiler:      ArmClang.exe V6.14
Assembler:       Armasm.exe V6.14
Linker/Locator:  ArmLink.exe V6.14
Library Manager: ArmAr.exe V6.14
Hex Converter:   FromElf.exe V6.14
CPU DLL:         SARMCM3.DLL V5.30.0.0
Dialog DLL:      DARMCM1.DLL V1.19.3.0
Target DLL:      NULink\Nu_Link.dll V3.02
Dialog DLL:      TARMCM1.DLL V1.14.2.0
 
<h2>Project:</h2>
D:\Documents\RMIT\Sem 2 2022\Embedded\Final Ass\FinalAss-Ex3\FinalAss-Ex3.uvprojx
Project File Date:  09/07/2022

<h2>Output:</h2>
*** Using Compiler 'V6.14', folder: 'C:\Keil_v5\ARM\ARMCLANG\Bin'
Build target 'Target 1'
main.c(4): warning: In file included from...
C:/Keil_v5/Library/NUC100Series/Include\NUC100Series.h(150): warning: In file included from...
C:/Keil_v5/Library/CMSIS/Include\core_cm0.h(116): warning: In file included from...
C:/Keil_v5/Library/CMSIS/Include\core_cmInstr.h(406): warning: implicit conversion changes signedness: 'uint32_t' (aka 'unsigned int') to 'int32_t' (aka 'int') [-Wsign-conversion]
  return(result);
  ~~~~~~ ^~~~~~
main.c(4): warning: In file included from...
C:/Keil_v5/Library/NUC100Series/Include\NUC100Series.h(150): warning: In file included from...
C:/Keil_v5/Library/CMSIS/Include\core_cm0.h(574): warning: implicit conversion changes signedness: 'int' to 'unsigned int' [-Wsign-conversion]
    SCB->SHP[_SHP_IDX(IRQn)] = (SCB->SHP[_SHP_IDX(IRQn)] & ~(0xFF << _BIT_SHIFT(IRQn))) |
                                                         ~ ^~~~~~~~~~~~~~~~~~~~~~~~~~~
C:/Keil_v5/Library/CMSIS/Include\core_cm0.h(577): warning: implicit conversion changes signedness: 'int' to 'unsigned int' [-Wsign-conversion]
    NVIC->IP[_IP_IDX(IRQn)] = (NVIC->IP[_IP_IDX(IRQn)] & ~(0xFF << _BIT_SHIFT(IRQn))) |
                                                       ~ ^~~~~~~~~~~~~~~~~~~~~~~~~~~
C:/Keil_v5/Library/CMSIS/Include\core_cm0.h(608): warning: function 'NVIC_SystemReset' could be declared with attribute 'noreturn' [-Wmissing-noreturn]
{
^
main.c(4): warning: In file included from...
C:/Keil_v5/Library/NUC100Series/Include\NUC100Series.h(11321): warning: anonymous unions are a C11 extension [-Wc11-extensions]
    union
    ^
C:/Keil_v5/Library/NUC100Series/Include\NUC100Series.h(13605): warning: non-portable path to file '"sys.h"'; specified path differs in case from file name on disk [-Wnonportable-include-path]
#include "SYS.h"
         ^~~~~~~
         "sys.h"
C:/Keil_v5/Library/NUC100Series/Include\NUC100Series.h(13606): warning: non-portable path to file '"adc.h"'; specified path differs in case from file name on disk [-Wnonportable-include-path]
#include "ADC.h"
         ^~~~~~~
         "adc.h"
C:/Keil_v5/Library/NUC100Series/Include\NUC100Series.h(13607): warning: non-portable path to file '"fmc.h"'; specified path differs in case from file name on disk [-Wnonportable-include-path]
#include "FMC.h"
         ^~~~~~~
         "fmc.h"
main.c(4): warning: In file included from...
C:/Keil_v5/Library/NUC100Series/Include\NUC100Series.h(13607): warning: In file included from...
C:/Keil_v5/Library/StdDriver/Include\FMC.h(314): warning: implicit conversion changes signedness: 'int' to 'uint32_t' (aka 'unsigned int') [-Wsign-conversion]
    FMC->ISPADR = (u8index << 2);      /* Set UID Address. It must be word alignment. */
                ~  ~~~~~~~~^~~~
main.c(4): warning: In file included from...
C:/Keil_v5/Library/NUC100Series/Include\NUC100Series.h(13608): warning: non-portable path to file '"gpio.h"'; specified path differs in case from file name on disk [-Wnonportable-include-path]
#include "GPIO.h"
         ^~~~~~~~
         "gpio.h"
C:/Keil_v5/Library/NUC100Series/Include\NUC100Series.h(13609): warning: non-portable path to file '"i2c.h"'; specified path differs in case from file name on disk [-Wnonportable-include-path]
#include "I2C.h"
         ^~~~~~~
         "i2c.h"
C:/Keil_v5/Library/NUC100Series/Include\NUC100Series.h(13610): warning: non-portable path to file '"pwm.h"'; specified path differs in case from file name on disk [-Wnonportable-include-path]
#include "PWM.h"
         ^~~~~~~
         "pwm.h"
C:/Keil_v5/Library/NUC100Series/Include\NUC100Series.h(13611): warning: non-portable path to file '"spi.h"'; specified path differs in case from file name on disk [-Wnonportable-include-path]
#include "SPI.h"
         ^~~~~~~
         "spi.h"
C:/Keil_v5/Library/NUC100Series/Include\NUC100Series.h(13612): warning: non-portable path to file '"crc.h"'; specified path differs in case from file name on disk [-Wnonportable-include-path]
#include "CRC.h"
         ^~~~~~~
         "crc.h"
C:/Keil_v5/Library/NUC100Series/Include\NUC100Series.h(13613): warning: non-portable path to file '"timer.h"'; specified path differs in case from file name on disk [-Wnonportable-include-path]
#include "TIMER.h"
         ^~~~~~~~~
         "timer.h"
C:/Keil_v5/Library/NUC100Series/Include\NUC100Series.h(13614): warning: non-portable path to file '"wdt.h"'; specified path differs in case from file name on disk [-Wnonportable-include-path]
#include "WDT.h"
         ^~~~~~~
         "wdt.h"
C:/Keil_v5/Library/NUC100Series/Include\NUC100Series.h(13615): warning: non-portable path to file '"wwdt.h"'; specified path differs in case from file name on disk [-Wnonportable-include-path]
#include "WWDT.h"
         ^~~~~~~~
         "wwdt.h"
C:/Keil_v5/Library/NUC100Series/Include\NUC100Series.h(13616): warning: non-portable path to file '"rtc.h"'; specified path differs in case from file name on disk [-Wnonportable-include-path]
#include "RTC.h"
         ^~~~~~~
         "rtc.h"
C:/Keil_v5/Library/NUC100Series/Include\NUC100Series.h(13617): warning: non-portable path to file '"uart.h"'; specified path differs in case from file name on disk [-Wnonportable-include-path]
#include "UART.h"
         ^~~~~~~~
         "uart.h"
C:/Keil_v5/Library/NUC100Series/Include\NUC100Series.h(13618): warning: non-portable path to file '"i2s.h"'; specified path differs in case from file name on disk [-Wnonportable-include-path]
#include "I2S.h"
         ^~~~~~~
         "i2s.h"
C:/Keil_v5/Library/NUC100Series/Include\NUC100Series.h(13619): warning: non-portable path to file '"can.h"'; specified path differs in case from file name on disk [-Wnonportable-include-path]
#include "CAN.h"
         ^~~~~~~
         "can.h"
C:/Keil_v5/Library/NUC100Series/Include\NUC100Series.h(13620): warning: non-portable path to file '"usbd.h"'; specified path differs in case from file name on disk [-Wnonportable-include-path]
#include "USBD.h"
         ^~~~~~~~
         "usbd.h"
main.c(4): warning: In file included from...
C:/Keil_v5/Library/NUC100Series/Include\NUC100Series.h(13620): warning: In file included from...
C:/Keil_v5/Library/StdDriver/Include\USBD.h(638): warning: variable 'u32CfgAddr' may be uninitialized when used here [-Wconditional-uninitialized]
    return ((*((__IO uint32_t *)(u32CfgAddr))) & USBD_CFGP_SSTALL);
                                 ^~~~~~~~~~
C:/Keil_v5/Library/StdDriver/Include\USBD.h(622): note: initialize the variable 'u32CfgAddr' to silence this warning
    uint32_t u32CfgAddr;
                       ^
                        = 0
main.c(4): warning: In file included from...
C:/Keil_v5/Library/NUC100Series/Include\NUC100Series.h(13621): warning: non-portable path to file '"pdma.h"'; specified path differs in case from file name on disk [-Wnonportable-include-path]
#include "PDMA.h"
         ^~~~~~~~
         "pdma.h"
C:/Keil_v5/Library/NUC100Series/Include\NUC100Series.h(13622): warning: non-portable path to file '"sc.h"'; specified path differs in case from file name on disk [-Wnonportable-include-path]
#include "SC.h"
         ^~~~~~
         "sc.h"
C:/Keil_v5/Library/NUC100Series/Include\NUC100Series.h(13623): warning: non-portable path to file '"ps2.h"'; specified path differs in case from file name on disk [-Wnonportable-include-path]
#include "PS2.h"
         ^~~~~~~
         "ps2.h"
C:/Keil_v5/Library/NUC100Series/Include\NUC100Series.h(13624): warning: non-portable path to file '"clk.h"'; specified path differs in case from file name on disk [-Wnonportable-include-path]
#include "CLK.h"
         ^~~~~~~
         "clk.h"
C:/Keil_v5/Library/NUC100Series/Include\NUC100Series.h(13625): warning: non-portable path to file '"acmp.h"'; specified path differs in case from file name on disk [-Wnonportable-include-path]
#include "ACMP.h"
         ^~~~~~~~
         "acmp.h"
main.c(5): warning: non-portable path to file '"MCU_Init.h"'; specified path differs in case from file name on disk [-Wnonportable-include-path]
#include "MCU_init.h"
         ^~~~~~~~~~~~
         "MCU_Init.h"
main.c(10): warning: no previous extern declaration for non-static variable 'key' [-Wmissing-variable-declarations]
volatile uint8_t key = 0;
                 ^
main.c(10): note: declare 'static' if the variable is not intended to be used outside of this translation unit
volatile uint8_t key = 0;
         ^
main.c(11): warning: no previous extern declaration for non-static variable 'index' [-Wmissing-variable-declarations]
int index = 1;
    ^
main.c(11): note: declare 'static' if the variable is not intended to be used outside of this translation unit
int index = 1;
^
main.c(12): warning: type specifier missing, defaults to 'int' [-Wimplicit-int]
volatile countTMR3 = 0;
~~~~~~~~ ^
main.c(12): warning: no previous extern declaration for non-static variable 'countTMR3' [-Wmissing-variable-declarations]
note: declare 'static' if the variable is not intended to be used outside of this translation unit
main.c(15): warning: binary integer literals are a GNU extension [-Wgnu-binary-literal]
        0b10000010,  //Number 0          // ---a----
        ^
main.c(16): warning: binary integer literals are a GNU extension [-Wgnu-binary-literal]
        0b11101110,  //Number 1          // |      |
        ^
main.c(17): warning: binary integer literals are a GNU extension [-Wgnu-binary-literal]
        0b00000111,  //Number 2          // f      b
        ^
main.c(18): warning: binary integer literals are a GNU extension [-Wgnu-binary-literal]
        0b01000110,  //Number 3          // |      |
        ^
main.c(19): warning: binary integer literals are a GNU extension [-Wgnu-binary-literal]
        0b01101010,  //Number 4          // ---g----
        ^
main.c(20): warning: binary integer literals are a GNU extension [-Wgnu-binary-literal]
        0b01010010,  //Number 5          // |      |
        ^
main.c(21): warning: binary integer literals are a GNU extension [-Wgnu-binary-literal]
        0b00010010,  //Number 6          // e      c
        ^
main.c(22): warning: binary integer literals are a GNU extension [-Wgnu-binary-literal]
        0b11100110,  //Number 7          // |      |
        ^
main.c(23): warning: binary integer literals are a GNU extension [-Wgnu-binary-literal]
        0b00000010,  //Number 8          // ---d----
        ^
main.c(24): warning: binary integer literals are a GNU extension [-Wgnu-binary-literal]
        0b01000010,   //Number 9
        ^
main.c(25): warning: binary integer literals are a GNU extension [-Wgnu-binary-literal]
        0b11111111   //Blank LED
        ^
main.c(13): warning: no previous extern declaration for non-static variable 'pattern' [-Wmissing-variable-declarations]
volatile int pattern[] = {
             ^
main.c(13): note: declare 'static' if the variable is not intended to be used outside of this translation unit
volatile int pattern[] = {
         ^
main.c(27): warning: no previous extern declaration for non-static variable 'game_started' [-Wmissing-variable-declarations]
volatile int game_started = 0;
             ^
main.c(27): note: declare 'static' if the variable is not intended to be used outside of this translation unit
volatile int game_started = 0;
         ^
main.c(28): warning: no previous extern declaration for non-static variable 'game_over' [-Wmissing-variable-declarations]
volatile int game_over = 0;
             ^
main.c(28): note: declare 'static' if the variable is not intended to be used outside of this translation unit
volatile int game_over = 0;
         ^
main.c(29): warning: no previous extern declaration for non-static variable 'changing_x' [-Wmissing-variable-declarations]
volatile int changing_x = 1;
             ^
main.c(29): note: declare 'static' if the variable is not intended to be used outside of this translation unit
volatile int changing_x = 1;
         ^
main.c(30): warning: no previous extern declaration for non-static variable 'changing_y' [-Wmissing-variable-declarations]
volatile int changing_y = 0;
             ^
main.c(30): note: declare 'static' if the variable is not intended to be used outside of this translation unit
volatile int changing_y = 0;
         ^
main.c(31): warning: no previous extern declaration for non-static variable 'x' [-Wmissing-variable-declarations]
volatile int x = 0; // 0-based
             ^
main.c(31): note: declare 'static' if the variable is not intended to be used outside of this translation unit
volatile int x = 0; // 0-based
         ^
main.c(32): warning: no previous extern declaration for non-static variable 'y' [-Wmissing-variable-declarations]
volatile int y = 0; // 0-based. TODO: Check if this is still needed.
             ^
main.c(32): note: declare 'static' if the variable is not intended to be used outside of this translation unit
volatile int y = 0; // 0-based. TODO: Check if this is still needed.
         ^
main.c(33): warning: no previous extern declaration for non-static variable 'num_shot' [-Wmissing-variable-declarations]
volatile int num_shot = 0;
             ^
main.c(33): note: declare 'static' if the variable is not intended to be used outside of this translation unit
volatile int num_shot = 0;
         ^
main.c(34): warning: no previous extern declaration for non-static variable 'x_showing' [-Wmissing-variable-declarations]
volatile int x_showing = 1;
             ^
main.c(34): note: declare 'static' if the variable is not intended to be used outside of this translation unit
volatile int x_showing = 1;
         ^
main.c(35): warning: no previous extern declaration for non-static variable 'y_showing' [-Wmissing-variable-declarations]
volatile int y_showing = 1;
             ^
main.c(35): note: declare 'static' if the variable is not intended to be used outside of this translation unit
volatile int y_showing = 1;
         ^
main.c(36): warning: no previous extern declaration for non-static variable 'isShow7Segment' [-Wmissing-variable-declarations]
volatile int isShow7Segment = 0;
             ^
main.c(36): note: declare 'static' if the variable is not intended to be used outside of this translation unit
volatile int isShow7Segment = 0;
         ^
main.c(37): warning: no previous extern declaration for non-static variable 'N' [-Wmissing-variable-declarations]
int N = 8;
    ^
main.c(37): note: declare 'static' if the variable is not intended to be used outside of this translation unit
int N = 8;
^
main.c(38): warning: no previous extern declaration for non-static variable 'ships_sunk' [-Wmissing-variable-declarations]
volatile int ships_sunk = 0;
             ^
main.c(38): note: declare 'static' if the variable is not intended to be used outside of this translation unit
volatile int ships_sunk = 0;
         ^
main.c(40): warning: no previous extern declaration for non-static variable 'iLM' [-Wmissing-variable-declarations]
volatile int iLM = 0;
             ^
main.c(40): note: declare 'static' if the variable is not intended to be used outside of this translation unit
volatile int iLM = 0;
         ^
main.c(41): warning: no previous extern declaration for non-static variable 'jLM' [-Wmissing-variable-declarations]
volatile int jLM = 0; 
             ^
main.c(41): note: declare 'static' if the variable is not intended to be used outside of this translation unit
volatile int jLM = 0; 
         ^
main.c(42): warning: no previous extern declaration for non-static variable 'isLoadedMap' [-Wmissing-variable-declarations]
int isLoadedMap = 0;
    ^
main.c(42): note: declare 'static' if the variable is not intended to be used outside of this translation unit
int isLoadedMap = 0;
^
main.c(43): warning: no previous extern declaration for non-static variable 'hit_map' [-Wmissing-variable-declarations]
volatile int hit_map[8][8] = {
             ^
main.c(43): note: declare 'static' if the variable is not intended to be used outside of this translation unit
volatile int hit_map[8][8] = {
         ^
main.c(57): warning: this function declaration is not a prototype [-Wstrict-prototypes]
char UART0_GetChar();
                  ^
                   void
main.c(74): warning: implicit conversion changes signedness: 'int' to 'unsigned int' [-Wsign-conversion]
                        PC->DOUT &= ~(1<<6);            //SC3
                                 ~~ ^~~~~~~
main.c(75): warning: implicit conversion changes signedness: 'int' to 'unsigned int' [-Wsign-conversion]
                        PC->DOUT &= ~(1<<5);            //SC2
                                 ~~ ^~~~~~~
main.c(76): warning: implicit conversion changes signedness: 'int' to 'unsigned int' [-Wsign-conversion]
                        PC->DOUT &= ~(1<<4);            //SC1
                                 ~~ ^~~~~~~
main.c(80): warning: implicit conversion changes signedness: 'int' to 'unsigned int' [-Wsign-conversion]
                        PC->DOUT &= ~(1<<7);            //SC3
                                 ~~ ^~~~~~~
main.c(81): warning: implicit conversion changes signedness: 'int' to 'unsigned int' [-Wsign-conversion]
                        PC->DOUT &= ~(1<<5);            //SC2
                                 ~~ ^~~~~~~
main.c(82): warning: implicit conversion changes signedness: 'int' to 'unsigned int' [-Wsign-conversion]
                        PC->DOUT &= ~(1<<4);
                                 ~~ ^~~~~~~
main.c(86): warning: implicit conversion changes signedness: 'int' to 'unsigned int' [-Wsign-conversion]
                        PC->DOUT &= ~(1<<6);            //SC3
                                 ~~ ^~~~~~~
main.c(87): warning: implicit conversion changes signedness: 'int' to 'unsigned int' [-Wsign-conversion]
                        PC->DOUT &= ~(1<<7);            //SC2
                                 ~~ ^~~~~~~
main.c(88): warning: implicit conversion changes signedness: 'int' to 'unsigned int' [-Wsign-conversion]
                        PC->DOUT &= ~(1<<4);
                                 ~~ ^~~~~~~
main.c(92): warning: implicit conversion changes signedness: 'int' to 'unsigned int' [-Wsign-conversion]
                        PC->DOUT &= ~(1<<6);            //SC3
                                 ~~ ^~~~~~~
main.c(93): warning: implicit conversion changes signedness: 'int' to 'unsigned int' [-Wsign-conversion]
                        PC->DOUT &= ~(1<<7);            //SC2
                                 ~~ ^~~~~~~
main.c(94): warning: implicit conversion changes signedness: 'int' to 'unsigned int' [-Wsign-conversion]
                        PC->DOUT &= ~(1<<5);
                                 ~~ ^~~~~~~
main.c(97): warning: implicit conversion changes signedness: 'int' to 'unsigned int' [-Wsign-conversion]
                        PC->DOUT &= ~(1<<4);     //Logic 1 to turn on the digit
                                 ~~ ^~~~~~~
main.c(98): warning: implicit conversion changes signedness: 'int' to 'unsigned int' [-Wsign-conversion]
                        PC->DOUT &= ~(1<<6);            //SC3
                                 ~~ ^~~~~~~
main.c(99): warning: implicit conversion changes signedness: 'int' to 'unsigned int' [-Wsign-conversion]
                        PC->DOUT &= ~(1<<7);            //SC2
                                 ~~ ^~~~~~~
main.c(100): warning: implicit conversion changes signedness: 'int' to 'unsigned int' [-Wsign-conversion]
                        PC->DOUT &= ~(1<<5);
                                 ~~ ^~~~~~~
main.c(70): warning: no previous prototype for function 'turn_on_digit' [-Wmissing-prototypes]
void turn_on_digit(int digit){
     ^
main.c(70): note: declare 'static' if the function is not intended to be used outside of this translation unit
void turn_on_digit(int digit){
^
static 
main.c(104): warning: no previous prototype for function 'resetArray' [-Wmissing-prototypes]
void resetArray(int arr[8][8]){
     ^
main.c(104): note: declare 'static' if the function is not intended to be used outside of this translation unit
void resetArray(int arr[8][8]){
^
static 
main.c(155): warning: no previous prototype for function 'show_welcome_screen' [-Wmissing-prototypes]
void show_welcome_screen() {
     ^
main.c(155): note: declare 'static' if the function is not intended to be used outside of this translation unit
void show_welcome_screen() {
^
static 
main.c(171): warning: implicit conversion loses integer precision: 'int' to 'int16_t' (aka 'short') [-Wimplicit-int-conversion]
                                        printC_5x7(10*j,i*7,c);
                                        ~~~~~~~~~~ ~~^~
main.c(171): warning: implicit conversion loses integer precision: 'int' to 'int16_t' (aka 'short') [-Wimplicit-int-conversion]
                                        printC_5x7(10*j,i*7,c);
                                        ~~~~~~~~~~      ~^~
main.c(165): warning: no previous prototype for function 'printMap' [-Wmissing-prototypes]
void printMap(){
     ^
main.c(165): note: declare 'static' if the function is not intended to be used outside of this translation unit
void printMap(){
^
static 
main.c(178): warning: no previous prototype for function 'check_game_over' [-Wmissing-prototypes]
void check_game_over() {
     ^
main.c(178): note: declare 'static' if the function is not intended to be used outside of this translation unit
void check_game_over() {
^
static 
main.c(216): warning: no previous prototype for function 'check_toggle' [-Wmissing-prototypes]
void check_toggle() {
     ^
main.c(216): note: declare 'static' if the function is not intended to be used outside of this translation unit
void check_toggle() {
^
static 
main.c(232): warning: implicit conversion changes signedness: 'volatile int' to 'uint32_t' (aka 'unsigned int') [-Wsign-conversion]
                        PE->DOUT = pattern[x];  
                                 ~ ^~~~~~~~~~
main.c(234): warning: implicit conversion changes signedness: 'volatile int' to 'uint32_t' (aka 'unsigned int') [-Wsign-conversion]
                        PE->DOUT = pattern[10];
                                 ~ ^~~~~~~~~~~
main.c(242): warning: implicit conversion changes signedness: 'volatile int' to 'uint32_t' (aka 'unsigned int') [-Wsign-conversion]
                PE->DOUT = pattern[y];  
                         ~ ^~~~~~~~~~
main.c(244): warning: implicit conversion changes signedness: 'volatile int' to 'uint32_t' (aka 'unsigned int') [-Wsign-conversion]
                        PE->DOUT = pattern[10];
                                 ~ ^~~~~~~~~~~
main.c(252): warning: implicit conversion changes signedness: 'volatile int' to 'uint32_t' (aka 'unsigned int') [-Wsign-conversion]
                        PE->DOUT = pattern[dozens];
                                 ~ ^~~~~~~~~~~~~~~
main.c(258): warning: implicit conversion changes signedness: 'volatile int' to 'uint32_t' (aka 'unsigned int') [-Wsign-conversion]
                        PE->DOUT = pattern[units];
                                 ~ ^~~~~~~~~~~~~~
main.c(226): warning: no previous prototype for function 'display7segment' [-Wmissing-prototypes]
void display7segment(){
     ^
main.c(226): note: declare 'static' if the function is not intended to be used outside of this translation unit
void display7segment(){
^
static 
main.c(265): warning: declaration shadows a variable in the global scope [-Wshadow]
void shoot(int x, int y) {
               ^
main.c(31): note: previous declaration is here
volatile int x = 0; // 0-based
             ^
main.c(265): warning: declaration shadows a variable in the global scope [-Wshadow]
void shoot(int x, int y) {
                      ^
main.c(32): note: previous declaration is here
volatile int y = 0; // 0-based. TODO: Check if this is still needed.
             ^
main.c(265): warning: no previous prototype for function 'shoot' [-Wmissing-prototypes]
void shoot(int x, int y) {
     ^
main.c(265): note: declare 'static' if the function is not intended to be used outside of this translation unit
void shoot(int x, int y) {
^
static 
main.c(305): warning: passing 'volatile int [8][8]' to parameter of type 'int (*)[8]' discards qualifiers [-Wincompatible-pointer-types-discards-qualifiers]
                resetArray(hit_map);
                           ^~~~~~~
main.c(104): note: passing argument to parameter 'arr' here
void resetArray(int arr[8][8]){
                    ^
main.c(330): warning: passing 'volatile int [8][8]' to parameter of type 'int (*)[8]' discards qualifiers [-Wincompatible-pointer-types-discards-qualifiers]
                        resetArray(hit_map);
                                   ^~~~~~~
main.c(104): note: passing argument to parameter 'arr' here
void resetArray(int arr[8][8]){
                    ^
main.c(297): warning: no previous prototype for function 'sw_int_15_pressed' [-Wmissing-prototypes]
void sw_int_15_pressed() {
     ^
main.c(297): note: declare 'static' if the function is not intended to be used outside of this translation unit
void sw_int_15_pressed() {
^
static 
main.c(343): warning: no previous prototype for function 'change_x' [-Wmissing-prototypes]
void change_x(int number) {
     ^
main.c(343): note: declare 'static' if the function is not intended to be used outside of this translation unit
void change_x(int number) {
^
static 
main.c(350): warning: no previous prototype for function 'change_y' [-Wmissing-prototypes]
void change_y(int number) {
     ^
main.c(350): note: declare 'static' if the function is not intended to be used outside of this translation unit
void change_y(int number) {
^
static 
main.c(359): warning: no previous prototype for function 'key_9_pressed' [-Wmissing-prototypes]
void key_9_pressed() {
     ^
main.c(359): note: declare 'static' if the function is not intended to be used outside of this translation unit
void key_9_pressed() {
^
static 
main.c(364): warning: no previous prototype for function 'key_pressed' [-Wmissing-prototypes]
void key_pressed() {
     ^
main.c(364): note: declare 'static' if the function is not intended to be used outside of this translation unit
void key_pressed() {
^
static 
main.c(449): warning: no previous prototype for function 'EINT1_IRQHandler' [-Wmissing-prototypes]
void EINT1_IRQHandler(void) {
     ^
main.c(449): note: declare 'static' if the function is not intended to be used outside of this translation unit
void EINT1_IRQHandler(void) {
^
static 
main.c(460): warning: implicit conversion loses integer precision: 'volatile uint32_t' (aka 'volatile unsigned int') to 'char' [-Wimplicit-int-conversion]
                        char ReceivedByte = UART0->DATA;
                             ~~~~~~~~~~~~   ~~~~~~~^~~~
main.c(476): warning: implicit conversion changes signedness: 'int' to 'unsigned int' [-Wsign-conversion]
                                UART0->IER &= ~(1<<0);
                                           ~~ ^~~~~~~
main.c(455): warning: no previous prototype for function 'UART02_IRQHandler' [-Wmissing-prototypes]
void UART02_IRQHandler(){
     ^
main.c(455): note: declare 'static' if the function is not intended to be used outside of this translation unit
void UART02_IRQHandler(){
^
static 
main.c(482): warning: no previous prototype for function 'TMR3_IRQHandler' [-Wmissing-prototypes]
void TMR3_IRQHandler(){
     ^
main.c(482): note: declare 'static' if the function is not intended to be used outside of this translation unit
void TMR3_IRQHandler(){
^
static 
main.c(503): warning: implicit conversion changes signedness: 'int' to 'unsigned int' [-Wsign-conversion]
        CLK->PLLCON &= ~(1 << 19); //0: PLL input is HXT
                    ~~ ^~~~~~~~~~
main.c(504): warning: implicit conversion changes signedness: 'int' to 'unsigned int' [-Wsign-conversion]
        CLK->PLLCON &= ~(1 << 16); //PLL in normal mode
                    ~~ ^~~~~~~~~~
main.c(505): warning: implicit conversion changes signedness: 'int' to 'unsigned int' [-Wsign-conversion]
        CLK->PLLCON &= (~(0x01FF << 0));
                    ~~  ^~~~~~~~~~~~~~
main.c(507): warning: implicit conversion changes signedness: 'int' to 'unsigned int' [-Wsign-conversion]
        CLK->PLLCON &= ~(1 << 18); //0: enable PLLOUT
                    ~~ ^~~~~~~~~~
main.c(512): warning: implicit conversion changes signedness: 'int' to 'unsigned int' [-Wsign-conversion]
        CLK->CLKSEL0 &= (~(0x07 << 0));
                     ~~  ^~~~~~~~~~~~
main.c(515): warning: implicit conversion changes signedness: 'int' to 'unsigned int' [-Wsign-conversion]
        CLK->CLKDIV &= (~0x0F << 0);
                    ~~  ~~~~~~^~~~
main.c(521): warning: binary integer literals are a GNU extension [-Wgnu-binary-literal]
        CLK->CLKSEL1 |= (0b11 << 24); // UART0 clock source is 22.1184 MHz
                         ^
main.c(522): warning: implicit conversion changes signedness: 'int' to 'unsigned int' [-Wsign-conversion]
        CLK->CLKDIV &= ~(0xF << 8); // clock divider is 1
                    ~~ ^~~~~~~~~~~
main.c(527): warning: binary integer literals are a GNU extension [-Wgnu-binary-literal]
        CLK->CLKSEL1 &= ~(0b111 << 20);
                          ^
main.c(527): warning: implicit conversion changes signedness: 'int' to 'unsigned int' [-Wsign-conversion]
        CLK->CLKSEL1 &= ~(0b111 << 20);
                     ~~ ^~~~~~~~~~~~~~
main.c(530): warning: binary integer literals are a GNU extension [-Wgnu-binary-literal]
        CLK->CLKSEL1 &= ~(0b111 << 8);
                          ^
main.c(530): warning: implicit conversion changes signedness: 'int' to 'unsigned int' [-Wsign-conversion]
        CLK->CLKSEL1 &= ~(0b111 << 8);
                     ~~ ^~~~~~~~~~~~~
main.c(534): warning: implicit conversion changes signedness: 'int' to 'unsigned int' [-Wsign-conversion]
        TIMER3->TCSR &= ~(0xFF << 0);
                     ~~ ^~~~~~~~~~~~
main.c(544): warning: binary integer literals are a GNU extension [-Wgnu-binary-literal]
        TIMER3->TCSR &= ~(0b11 << 27);
                          ^
main.c(544): warning: implicit conversion changes signedness: 'int' to 'unsigned int' [-Wsign-conversion]
        TIMER3->TCSR &= ~(0b11 << 27);
                     ~~ ^~~~~~~~~~~~~
main.c(545): warning: binary integer literals are a GNU extension [-Wgnu-binary-literal]
        TIMER3->TCSR |= (0b01 << 27);
                         ^
main.c(546): warning: implicit conversion changes signedness: 'int' to 'unsigned int' [-Wsign-conversion]
        TIMER3->TCSR &= ~(1 << 24);
                     ~~ ^~~~~~~~~~
main.c(572): warning: implicit conversion changes signedness: 'int' to 'unsigned int' [-Wsign-conversion]
        PC->PMD &= (~(0x03 << 24));
                ~~  ^~~~~~~~~~~~~
main.c(574): warning: implicit conversion changes signedness: 'int' to 'unsigned int' [-Wsign-conversion]
        PC->PMD &= (~(0x03 << 26));
                ~~  ^~~~~~~~~~~~~
main.c(579): warning: implicit conversion changes signedness: 'int' to 'unsigned int' [-Wsign-conversion]
        PB->PMD &= (~(0x03 << 22));
                ~~  ^~~~~~~~~~~~~
main.c(584): warning: implicit conversion changes signedness: 'int' to 'unsigned int' [-Wsign-conversion]
        PC->PMD &= (~(0xFF<< 8));               //clear PMD[15:8] 
                ~~  ^~~~~~~~~~~
main.c(585): warning: binary integer literals are a GNU extension [-Wgnu-binary-literal]
        PC->PMD |= (0b01010101 << 8);   //Set output push-pull for PC4 to PC7
                    ^
main.c(588): warning: implicit conversion changes signedness: 'int' to 'unsigned int' [-Wsign-conversion]
        PE->PMD &= (~(0xFFFF<< 0));             //clear PMD[15:0] 
                ~~  ^~~~~~~~~~~~~
main.c(589): warning: binary integer literals are a GNU extension [-Wgnu-binary-literal]
        PE->PMD |= 0b0101010101010101<<0;   //Set output push-pull for PE0 to PE7       
                   ^
main.c(592): warning: signed shift result (0xC0000000) sets the sign bit of the shift expression's type ('int') and becomes negative [-Wshift-sign-overflow]
        PB->PMD &= (~(0x03 << 30));
                      ~~~~ ^  ~~
main.c(593): warning: implicit conversion changes signedness: 'int' to 'unsigned int' [-Wsign-conversion]
        PB->IMD &= (~(1 << 15));
                ~~  ^~~~~~~~~~
main.c(598): warning: signed shift result (0xC0000000) sets the sign bit of the shift expression's type ('int') and becomes negative [-Wshift-sign-overflow]
        NVIC->IP[0] &= (~(3<<30));
                          ~^ ~~
main.c(604): warning: implicit conversion changes signedness: 'int' to 'unsigned int' [-Wsign-conversion]
        NVIC->IP[3] &= (~(3<<6));
                    ~~  ^~~~~~~
main.c(608): warning: signed shift result (0xC0000000) sets the sign bit of the shift expression's type ('int') and becomes negative [-Wshift-sign-overflow]
        NVIC->IP[2] &= (~(3<<30));
                          ~^ ~~
main.c(610): warning: signed shift result (0x80000000) sets the sign bit of the shift expression's type ('int') and becomes negative [-Wshift-sign-overflow]
        NVIC->IP[2] |= (2 << 30);
                        ~ ^  ~~
main.c(610): warning: implicit conversion changes signedness: 'int' to 'unsigned int' [-Wsign-conversion]
        NVIC->IP[2] |= (2 << 30);
                    ~~  ~~^~~~~
main.c(515): warning: shifting a negative signed value is undefined [-Wshift-negative-value]
        CLK->CLKDIV &= (~0x0F << 0);
                        ~~~~~ ^
main.c(614): warning: binary integer literals are a GNU extension [-Wgnu-binary-literal]
        PB->PMD &= ~(0b11 << 2);
                     ^
main.c(614): warning: implicit conversion changes signedness: 'int' to 'unsigned int' [-Wsign-conversion]
        PB->PMD &= ~(0b11 << 2);
                ~~ ^~~~~~~~~~~~
main.c(615): warning: binary integer literals are a GNU extension [-Wgnu-binary-literal]
        PB->PMD |= (0b01 << 2); // PB.1 is output pin
                    ^
main.c(619): warning: binary integer literals are a GNU extension [-Wgnu-binary-literal]
        PB->PMD &= ~(0b11 << 0);        // Set Pin Mode for GPB.0(RX - Input)
                     ^
main.c(619): warning: implicit conversion changes signedness: 'int' to 'unsigned int' [-Wsign-conversion]
        PB->PMD &= ~(0b11 << 0);        // Set Pin Mode for GPB.0(RX - Input)
                ~~ ^~~~~~~~~~~~
main.c(623): warning: binary integer literals are a GNU extension [-Wgnu-binary-literal]
        UART0->LCR |= (0b11 << 0); // 8 data bit
                       ^
main.c(624): warning: implicit conversion changes signedness: 'int' to 'unsigned int' [-Wsign-conversion]
        UART0->LCR &= ~(1 << 2); // one stop bit        
                   ~~ ^~~~~~~~~
main.c(625): warning: implicit conversion changes signedness: 'int' to 'unsigned int' [-Wsign-conversion]
        UART0->LCR &= ~(1 << 3); // no parity bit
                   ~~ ^~~~~~~~~
main.c(628): warning: implicit conversion changes signedness: 'int' to 'unsigned int' [-Wsign-conversion]
        UART0->FCR &= ~(0xF << 16); // FIFO Trigger Level is 1 byte]
                   ~~ ^~~~~~~~~~~~
main.c(632): warning: binary integer literals are a GNU extension [-Wgnu-binary-literal]
        UART0->BAUD &= ~(0b11 << 28); // mode 0
                         ^
main.c(632): warning: implicit conversion changes signedness: 'int' to 'unsigned int' [-Wsign-conversion]
        UART0->BAUD &= ~(0b11 << 28); // mode 0
                    ~~ ^~~~~~~~~~~~~
main.c(633): warning: implicit conversion changes signedness: 'int' to 'unsigned int' [-Wsign-conversion]
        UART0->BAUD &= ~(0xFFFF << 0);
                    ~~ ^~~~~~~~~~~~~~
main.c(640): warning: implicit conversion changes signedness: 'int' to 'uint32_t' (aka 'unsigned int') [-Wsign-conversion]
        UART0->DATA = ch;
                    ~ ^~
main.c(651): warning: implicit conversion changes signedness: 'int' to 'unsigned int' [-Wsign-conversion]
        SPI3->CNTRL &= ~(1 << 23); //0: disable variable clock feature
                    ~~ ^~~~~~~~~~
main.c(652): warning: implicit conversion changes signedness: 'int' to 'unsigned int' [-Wsign-conversion]
        SPI3->CNTRL &= ~(1 << 22); //0: disable two bits transfer mode
                    ~~ ^~~~~~~~~~
main.c(653): warning: implicit conversion changes signedness: 'int' to 'unsigned int' [-Wsign-conversion]
        SPI3->CNTRL &= ~(1 << 18); //0: select Master mode
                    ~~ ^~~~~~~~~~
main.c(654): warning: implicit conversion changes signedness: 'int' to 'unsigned int' [-Wsign-conversion]
        SPI3->CNTRL &= ~(1 << 17); //0: disable SPI interrupt
                    ~~ ^~~~~~~~~~
main.c(656): warning: implicit conversion changes signedness: 'int' to 'unsigned int' [-Wsign-conversion]
        SPI3->CNTRL &= ~(1 << 10); //0: MSB is sent first
                    ~~ ^~~~~~~~~~
main.c(657): warning: implicit conversion changes signedness: 'int' to 'unsigned int' [-Wsign-conversion]
        SPI3->CNTRL &= ~(3 << 8); //00: one transmit/receive word will be executed in one data transfer
                    ~~ ^~~~~~~~~
main.c(659): warning: implicit conversion changes signedness: 'int' to 'unsigned int' [-Wsign-conversion]
        SPI3->CNTRL &= ~(31 << 3); //Transmit/Receive bit length
                    ~~ ^~~~~~~~~~
main.c(685): warning: implicit conversion changes signedness: 'int' to 'unsigned int' [-Wsign-conversion]
        SPI3->SSR &= ~(1 << 0);
                  ~~ ^~~~~~~~~
main.c(694): warning: implicit conversion changes signedness: 'int' to 'unsigned int' [-Wsign-conversion]
        SPI3->SSR &= ~(1 << 0);
                  ~~ ^~~~~~~~~
main.c(710): warning: '&' within '|' [-Wbitwise-op-parentheses]
        LCD_command(0x10 | (ColumnAddr >> 4) & 0xF);
                         ~ ~~~~~~~~~~~~~~~~~~^~~~~
main.c(710): note: place parentheses around the '&' expression to silence this warning
        LCD_command(0x10 | (ColumnAddr >> 4) & 0xF);
                                             ^
                           (                      )
main.c(740): warning: no newline at end of file [-Wnewline-eof]
                                                                                                                                                                                                
                                                                                                                                                                                                ^
main.c(39): warning: no previous extern declaration for non-static variable 'map' [-Wmissing-variable-declarations]
volatile int map[8][8]; 
             ^
main.c(39): note: declare 'static' if the variable is not intended to be used outside of this translation unit
volatile int map[8][8]; 
         ^
165 warnings generated.
compiling main.c...
linking...
Program Size: Code=3540 RO-data=704 RW-data=108 ZI-data=1680  
".\Objects\FinalAss_Ex3.axf" - 0 Error(s), 165 Warning(s).

<h2>Software Packages used:</h2>

Package Vendor: Nuvoton
                https://github.com/OpenNuvoton/cmsis-packs/raw/master/Nuvoton_DFP/Nuvoton.NuMicro_DFP.1.3.16.pack
                Nuvoton.NuMicro_DFP.1.3.16
                Nuvoton ARM Cortex-M NuMicro Family Device Support

<h2>Collection of Component include folders:</h2>
  .\RTE\_Target_1
  C:\Users\mdmt3\AppData\Local\Arm\Packs\Nuvoton\NuMicro_DFP\1.3.16\Device\NUC100\Include

<h2>Collection of Component Files used:</h2>
Build Time Elapsed:  00:00:02
</pre>
</body>
</html>
